[2026-04-20T21:36:00.443903+00:00] L-06 stability run starting: 10 sites × 5 visits × 2 UA × 2 session = 200 probes
[2026-04-20T21:36:01.945802+00:00] FAIL e-commerce-01__ua-desktop-chrome-mac__session-fresh__v1 error=Error elapsed=621ms (1/200)
[2026-04-20T21:36:02.144752+00:00] FAIL e-commerce-01__ua-desktop-chrome-mac__session-fresh__v2 error=Error elapsed=198ms (2/200)
[2026-04-20T21:36:02.352748+00:00] FAIL e-commerce-01__ua-desktop-chrome-mac__session-fresh__v3 error=Error elapsed=207ms (3/200)
[2026-04-20T21:36:02.608197+00:00] FAIL e-commerce-01__ua-desktop-chrome-mac__session-fresh__v4 error=Error elapsed=254ms (4/200)
[2026-04-20T21:36:02.808800+00:00] FAIL e-commerce-01__ua-desktop-chrome-mac__session-fresh__v5 error=Error elapsed=200ms (5/200)
[2026-04-20T21:36:03.131666+00:00] FAIL e-commerce-01__ua-desktop-chrome-mac__session-warm__v1 error=Error elapsed=322ms (6/200)
[2026-04-20T21:36:03.358019+00:00] FAIL e-commerce-01__ua-desktop-chrome-mac__session-warm__v2 error=Error elapsed=225ms (7/200)
[2026-04-20T21:36:03.625237+00:00] FAIL e-commerce-01__ua-desktop-chrome-mac__session-warm__v3 error=Error elapsed=266ms (8/200)
[2026-04-20T21:36:03.826324+00:00] FAIL e-commerce-01__ua-desktop-chrome-mac__session-warm__v4 error=Error elapsed=200ms (9/200)
[2026-04-20T21:36:04.094539+00:00] FAIL e-commerce-01__ua-desktop-chrome-mac__session-warm__v5 error=Error elapsed=267ms (10/200)
[2026-04-20T21:36:04.297669+00:00] FAIL e-commerce-01__ua-mobile-safari-ios__session-fresh__v1 error=Error elapsed=202ms (11/200)
[2026-04-20T21:36:04.556908+00:00] FAIL e-commerce-01__ua-mobile-safari-ios__session-fresh__v2 error=Error elapsed=258ms (12/200)
[2026-04-20T21:36:04.774146+00:00] FAIL e-commerce-01__ua-mobile-safari-ios__session-fresh__v3 error=Error elapsed=216ms (13/200)
[2026-04-20T21:36:04.973263+00:00] FAIL e-commerce-01__ua-mobile-safari-ios__session-fresh__v4 error=Error elapsed=198ms (14/200)
[2026-04-20T21:36:05.260155+00:00] FAIL e-commerce-01__ua-mobile-safari-ios__session-fresh__v5 error=Error elapsed=286ms (15/200)
[2026-04-20T21:36:05.611539+00:00] FAIL e-commerce-01__ua-mobile-safari-ios__session-warm__v1 error=Error elapsed=350ms (16/200)
[2026-04-20T21:36:05.877732+00:00] FAIL e-commerce-01__ua-mobile-safari-ios__session-warm__v2 error=Error elapsed=265ms (17/200)
[2026-04-20T21:36:06.131733+00:00] FAIL e-commerce-01__ua-mobile-safari-ios__session-warm__v3 error=Error elapsed=253ms (18/200)
[2026-04-20T21:36:06.346643+00:00] FAIL e-commerce-01__ua-mobile-safari-ios__session-warm__v4 error=Error elapsed=214ms (19/200)
[2026-04-20T21:36:06.558357+00:00] FAIL e-commerce-01__ua-mobile-safari-ios__session-warm__v5 error=Error elapsed=210ms (20/200)
[2026-04-20T21:36:09.529768+00:00] OK   e-commerce-02__ua-desktop-chrome-mac__session-fresh__v1 fp_size=0 elapsed=2967ms (21/200)
[2026-04-20T21:36:12.436033+00:00] OK   e-commerce-02__ua-desktop-chrome-mac__session-fresh__v2 fp_size=0 elapsed=2901ms (22/200)
[2026-04-20T21:36:15.218543+00:00] OK   e-commerce-02__ua-desktop-chrome-mac__session-fresh__v3 fp_size=0 elapsed=2778ms (23/200)
[2026-04-20T21:36:18.096947+00:00] OK   e-commerce-02__ua-desktop-chrome-mac__session-fresh__v4 fp_size=0 elapsed=2873ms (24/200)
[2026-04-20T21:36:21.030420+00:00] OK   e-commerce-02__ua-desktop-chrome-mac__session-fresh__v5 fp_size=0 elapsed=2928ms (25/200)
[2026-04-20T21:36:23.864233+00:00] OK   e-commerce-02__ua-desktop-chrome-mac__session-warm__v1 fp_size=0 elapsed=2829ms (26/200)
[2026-04-20T21:36:26.696374+00:00] OK   e-commerce-02__ua-desktop-chrome-mac__session-warm__v2 fp_size=0 elapsed=2827ms (27/200)
[2026-04-20T21:36:29.497224+00:00] OK   e-commerce-02__ua-desktop-chrome-mac__session-warm__v3 fp_size=0 elapsed=2797ms (28/200)
[2026-04-20T21:36:32.381156+00:00] OK   e-commerce-02__ua-desktop-chrome-mac__session-warm__v4 fp_size=0 elapsed=2878ms (29/200)
[2026-04-20T21:36:35.247538+00:00] OK   e-commerce-02__ua-desktop-chrome-mac__session-warm__v5 fp_size=0 elapsed=2861ms (30/200)
[2026-04-20T21:36:38.102057+00:00] OK   e-commerce-02__ua-mobile-safari-ios__session-fresh__v1 fp_size=0 elapsed=2849ms (31/200)
[2026-04-20T21:36:40.900622+00:00] OK   e-commerce-02__ua-mobile-safari-ios__session-fresh__v2 fp_size=0 elapsed=2793ms (32/200)
[2026-04-20T21:36:43.699537+00:00] OK   e-commerce-02__ua-mobile-safari-ios__session-fresh__v3 fp_size=0 elapsed=2794ms (33/200)
[2026-04-20T21:36:46.610020+00:00] OK   e-commerce-02__ua-mobile-safari-ios__session-fresh__v4 fp_size=0 elapsed=2905ms (34/200)
[2026-04-20T21:36:49.407018+00:00] OK   e-commerce-02__ua-mobile-safari-ios__session-fresh__v5 fp_size=0 elapsed=2792ms (35/200)
[2026-04-20T21:36:52.274999+00:00] OK   e-commerce-02__ua-mobile-safari-ios__session-warm__v1 fp_size=0 elapsed=2863ms (36/200)
[2026-04-20T21:36:55.111742+00:00] OK   e-commerce-02__ua-mobile-safari-ios__session-warm__v2 fp_size=0 elapsed=2832ms (37/200)
[2026-04-20T21:36:57.939092+00:00] OK   e-commerce-02__ua-mobile-safari-ios__session-warm__v3 fp_size=0 elapsed=2823ms (38/200)
[2026-04-20T21:37:00.776077+00:00] OK   e-commerce-02__ua-mobile-safari-ios__session-warm__v4 fp_size=0 elapsed=2831ms (39/200)
[2026-04-20T21:37:03.567589+00:00] OK   e-commerce-02__ua-mobile-safari-ios__session-warm__v5 fp_size=0 elapsed=2786ms (40/200)
[2026-04-20T21:37:36.302943+00:00] FAIL news-01__ua-desktop-chrome-mac__session-fresh__v1 error=TimeoutError elapsed=32733ms (41/200)
[2026-04-20T21:38:08.587016+00:00] FAIL news-01__ua-desktop-chrome-mac__session-fresh__v2 error=TimeoutError elapsed=32280ms (42/200)
[2026-04-20T21:38:40.817236+00:00] FAIL news-01__ua-desktop-chrome-mac__session-fresh__v3 error=TimeoutError elapsed=32227ms (43/200)
[2026-04-20T21:39:12.824405+00:00] FAIL news-01__ua-desktop-chrome-mac__session-fresh__v4 error=TimeoutError elapsed=32005ms (44/200)
[2026-04-20T21:39:44.680552+00:00] FAIL news-01__ua-desktop-chrome-mac__session-fresh__v5 error=TimeoutError elapsed=31853ms (45/200)
[2026-04-20T21:40:16.776520+00:00] FAIL news-01__ua-desktop-chrome-mac__session-warm__v1 error=TimeoutError elapsed=32091ms (46/200)
[2026-04-20T21:40:49.017656+00:00] FAIL news-01__ua-desktop-chrome-mac__session-warm__v2 error=TimeoutError elapsed=32239ms (47/200)
[2026-04-20T21:41:21.015187+00:00] FAIL news-01__ua-desktop-chrome-mac__session-warm__v3 error=TimeoutError elapsed=31995ms (48/200)
[2026-04-20T21:41:53.189018+00:00] FAIL news-01__ua-desktop-chrome-mac__session-warm__v4 error=TimeoutError elapsed=32172ms (49/200)
[2026-04-20T21:42:25.205142+00:00] FAIL news-01__ua-desktop-chrome-mac__session-warm__v5 error=TimeoutError elapsed=32014ms (50/200)
[2026-04-20T21:42:57.329302+00:00] FAIL news-01__ua-mobile-safari-ios__session-fresh__v1 error=TimeoutError elapsed=32121ms (51/200)
[2026-04-20T21:43:29.178907+00:00] FAIL news-01__ua-mobile-safari-ios__session-fresh__v2 error=TimeoutError elapsed=31848ms (52/200)
[2026-04-20T21:44:01.675671+00:00] FAIL news-01__ua-mobile-safari-ios__session-fresh__v3 error=TimeoutError elapsed=32494ms (53/200)
[2026-04-20T21:44:34.019743+00:00] FAIL news-01__ua-mobile-safari-ios__session-fresh__v4 error=TimeoutError elapsed=32341ms (54/200)
[2026-04-20T21:45:06.313839+00:00] FAIL news-01__ua-mobile-safari-ios__session-fresh__v5 error=TimeoutError elapsed=32290ms (55/200)
[2026-04-20T21:45:39.160239+00:00] FAIL news-01__ua-mobile-safari-ios__session-warm__v1 error=TimeoutError elapsed=32836ms (56/200)
[2026-04-20T21:46:12.887149+00:00] FAIL news-01__ua-mobile-safari-ios__session-warm__v2 error=TimeoutError elapsed=33717ms (57/200)
[2026-04-20T21:46:49.756484+00:00] FAIL news-01__ua-mobile-safari-ios__session-warm__v3 error=TimeoutError elapsed=36865ms (58/200)
[2026-04-20T21:47:21.958818+00:00] FAIL news-01__ua-mobile-safari-ios__session-warm__v4 error=TimeoutError elapsed=32199ms (59/200)
[2026-04-20T21:47:53.871488+00:00] FAIL news-01__ua-mobile-safari-ios__session-warm__v5 error=TimeoutError elapsed=31910ms (60/200)
[2026-04-20T21:48:24.009669+00:00] FAIL news-02__ua-desktop-chrome-mac__session-fresh__v1 error=TimeoutError elapsed=30136ms (61/200)
[2026-04-20T21:48:54.281731+00:00] FAIL news-02__ua-desktop-chrome-mac__session-fresh__v2 error=TimeoutError elapsed=30270ms (62/200)
[2026-04-20T21:49:24.439335+00:00] FAIL news-02__ua-desktop-chrome-mac__session-fresh__v3 error=TimeoutError elapsed=30156ms (63/200)
[2026-04-20T21:49:54.585328+00:00] FAIL news-02__ua-desktop-chrome-mac__session-fresh__v4 error=TimeoutError elapsed=30144ms (64/200)
[2026-04-20T21:50:26.130404+00:00] FAIL news-02__ua-desktop-chrome-mac__session-fresh__v5 error=TimeoutError elapsed=31543ms (65/200)
[2026-04-20T21:50:56.257682+00:00] FAIL news-02__ua-desktop-chrome-mac__session-warm__v1 error=TimeoutError elapsed=30125ms (66/200)
[2026-04-20T21:51:26.388084+00:00] FAIL news-02__ua-desktop-chrome-mac__session-warm__v2 error=TimeoutError elapsed=30128ms (67/200)
[2026-04-20T21:51:56.512989+00:00] FAIL news-02__ua-desktop-chrome-mac__session-warm__v3 error=TimeoutError elapsed=30123ms (68/200)
[2026-04-20T21:52:26.663614+00:00] FAIL news-02__ua-desktop-chrome-mac__session-warm__v4 error=TimeoutError elapsed=30147ms (69/200)
[2026-04-20T21:52:56.850114+00:00] FAIL news-02__ua-desktop-chrome-mac__session-warm__v5 error=TimeoutError elapsed=30182ms (70/200)
[2026-04-20T21:53:40.264760+00:00] FAIL news-02__ua-mobile-safari-ios__session-fresh__v1 error=TimeoutError elapsed=43410ms (71/200)
[2026-04-20T21:54:20.963270+00:00] FAIL news-02__ua-mobile-safari-ios__session-fresh__v2 error=TimeoutError elapsed=40695ms (72/200)
[2026-04-20T21:54:51.404786+00:00] FAIL news-02__ua-mobile-safari-ios__session-fresh__v3 error=TimeoutError elapsed=30432ms (73/200)
[2026-04-20T21:55:27.980328+00:00] FAIL news-02__ua-mobile-safari-ios__session-fresh__v4 error=TimeoutError elapsed=36568ms (74/200)
[2026-04-20T21:56:05.029541+00:00] FAIL news-02__ua-mobile-safari-ios__session-fresh__v5 error=TimeoutError elapsed=37046ms (75/200)
[2026-04-20T21:56:47.076272+00:00] FAIL news-02__ua-mobile-safari-ios__session-warm__v1 error=TimeoutError elapsed=42044ms (76/200)
[2026-04-20T21:57:22.238952+00:00] FAIL news-02__ua-mobile-safari-ios__session-warm__v2 error=TimeoutError elapsed=35160ms (77/200)
[2026-04-20T21:57:59.373916+00:00] FAIL news-02__ua-mobile-safari-ios__session-warm__v3 error=TimeoutError elapsed=37133ms (78/200)
[2026-04-20T21:58:29.523519+00:00] FAIL news-02__ua-mobile-safari-ios__session-warm__v4 error=TimeoutError elapsed=30147ms (79/200)
[2026-04-20T21:58:59.857096+00:00] FAIL news-02__ua-mobile-safari-ios__session-warm__v5 error=TimeoutError elapsed=30332ms (80/200)
[2026-04-20T21:59:04.177056+00:00] OK   saas-01__ua-desktop-chrome-mac__session-fresh__v1 fp_size=7 elapsed=4310ms (81/200)
[2026-04-20T21:59:08.919632+00:00] OK   saas-01__ua-desktop-chrome-mac__session-fresh__v2 fp_size=7 elapsed=4736ms (82/200)
[2026-04-20T21:59:12.880786+00:00] OK   saas-01__ua-desktop-chrome-mac__session-fresh__v3 fp_size=7 elapsed=3957ms (83/200)
[2026-04-20T21:59:16.741493+00:00] OK   saas-01__ua-desktop-chrome-mac__session-fresh__v4 fp_size=7 elapsed=3857ms (84/200)
[2026-04-20T21:59:20.985578+00:00] OK   saas-01__ua-desktop-chrome-mac__session-fresh__v5 fp_size=7 elapsed=4240ms (85/200)
[2026-04-20T21:59:25.040624+00:00] OK   saas-01__ua-desktop-chrome-mac__session-warm__v1 fp_size=7 elapsed=4051ms (86/200)
[2026-04-20T21:59:28.894219+00:00] OK   saas-01__ua-desktop-chrome-mac__session-warm__v2 fp_size=7 elapsed=3849ms (87/200)
[2026-04-20T21:59:32.850862+00:00] OK   saas-01__ua-desktop-chrome-mac__session-warm__v3 fp_size=7 elapsed=3953ms (88/200)
[2026-04-20T21:59:36.972968+00:00] OK   saas-01__ua-desktop-chrome-mac__session-warm__v4 fp_size=7 elapsed=4117ms (89/200)
[2026-04-20T21:59:41.264449+00:00] OK   saas-01__ua-desktop-chrome-mac__session-warm__v5 fp_size=7 elapsed=4287ms (90/200)
[2026-04-20T21:59:45.145971+00:00] OK   saas-01__ua-mobile-safari-ios__session-fresh__v1 fp_size=7 elapsed=3877ms (91/200)
[2026-04-20T21:59:48.966812+00:00] OK   saas-01__ua-mobile-safari-ios__session-fresh__v2 fp_size=7 elapsed=3817ms (92/200)
[2026-04-20T21:59:52.699626+00:00] OK   saas-01__ua-mobile-safari-ios__session-fresh__v3 fp_size=7 elapsed=3727ms (93/200)
[2026-04-20T21:59:56.621114+00:00] OK   saas-01__ua-mobile-safari-ios__session-fresh__v4 fp_size=7 elapsed=3917ms (94/200)
[2026-04-20T22:00:00.828391+00:00] OK   saas-01__ua-mobile-safari-ios__session-fresh__v5 fp_size=7 elapsed=4203ms (95/200)
[2026-04-20T22:00:04.768528+00:00] OK   saas-01__ua-mobile-safari-ios__session-warm__v1 fp_size=7 elapsed=3936ms (96/200)
[2026-04-20T22:00:08.862431+00:00] OK   saas-01__ua-mobile-safari-ios__session-warm__v2 fp_size=7 elapsed=4089ms (97/200)
[2026-04-20T22:00:12.858583+00:00] OK   saas-01__ua-mobile-safari-ios__session-warm__v3 fp_size=7 elapsed=3992ms (98/200)
[2026-04-20T22:00:16.736804+00:00] OK   saas-01__ua-mobile-safari-ios__session-warm__v4 fp_size=7 elapsed=3874ms (99/200)
[2026-04-20T22:00:20.960210+00:00] OK   saas-01__ua-mobile-safari-ios__session-warm__v5 fp_size=7 elapsed=4219ms (100/200)
[2026-04-20T22:00:51.997815+00:00] FAIL saas-02__ua-desktop-chrome-mac__session-fresh__v1 error=TimeoutError elapsed=31036ms (101/200)
[2026-04-20T22:01:24.413050+00:00] FAIL saas-02__ua-desktop-chrome-mac__session-fresh__v2 error=TimeoutError elapsed=32413ms (102/200)
[2026-04-20T22:01:55.619455+00:00] FAIL saas-02__ua-desktop-chrome-mac__session-fresh__v3 error=TimeoutError elapsed=31138ms (103/200)
[2026-04-20T22:02:28.672844+00:00] FAIL saas-02__ua-desktop-chrome-mac__session-fresh__v4 error=TimeoutError elapsed=33045ms (104/200)
[2026-04-20T22:02:59.941473+00:00] FAIL saas-02__ua-desktop-chrome-mac__session-fresh__v5 error=TimeoutError elapsed=31265ms (105/200)
[2026-04-20T22:03:31.070504+00:00] FAIL saas-02__ua-desktop-chrome-mac__session-warm__v1 error=TimeoutError elapsed=31124ms (106/200)
[2026-04-20T22:04:03.682616+00:00] FAIL saas-02__ua-desktop-chrome-mac__session-warm__v2 error=TimeoutError elapsed=32607ms (107/200)
[2026-04-20T22:04:34.844818+00:00] FAIL saas-02__ua-desktop-chrome-mac__session-warm__v3 error=TimeoutError elapsed=31159ms (108/200)
[2026-04-20T22:05:07.602335+00:00] FAIL saas-02__ua-desktop-chrome-mac__session-warm__v4 error=TimeoutError elapsed=32755ms (109/200)
[2026-04-20T22:05:40.238388+00:00] FAIL saas-02__ua-desktop-chrome-mac__session-warm__v5 error=TimeoutError elapsed=32634ms (110/200)
[2026-04-20T22:06:11.233685+00:00] FAIL saas-02__ua-mobile-safari-ios__session-fresh__v1 error=TimeoutError elapsed=30992ms (111/200)
[2026-04-20T22:06:42.200607+00:00] FAIL saas-02__ua-mobile-safari-ios__session-fresh__v2 error=TimeoutError elapsed=30964ms (112/200)
[2026-04-20T22:07:14.595746+00:00] FAIL saas-02__ua-mobile-safari-ios__session-fresh__v3 error=TimeoutError elapsed=32393ms (113/200)
[2026-04-20T22:07:47.112881+00:00] FAIL saas-02__ua-mobile-safari-ios__session-fresh__v4 error=TimeoutError elapsed=32514ms (114/200)
[2026-04-20T22:08:19.499697+00:00] FAIL saas-02__ua-mobile-safari-ios__session-fresh__v5 error=TimeoutError elapsed=32384ms (115/200)
[2026-04-20T22:08:50.508788+00:00] FAIL saas-02__ua-mobile-safari-ios__session-warm__v1 error=TimeoutError elapsed=31006ms (116/200)
[2026-04-20T22:09:22.930013+00:00] FAIL saas-02__ua-mobile-safari-ios__session-warm__v2 error=TimeoutError elapsed=32416ms (117/200)
[2026-04-20T22:09:55.694921+00:00] FAIL saas-02__ua-mobile-safari-ios__session-warm__v3 error=TimeoutError elapsed=32759ms (118/200)
[2026-04-20T22:10:27.162255+00:00] FAIL saas-02__ua-mobile-safari-ios__session-warm__v4 error=TimeoutError elapsed=31461ms (119/200)
[2026-04-20T22:11:00.166692+00:00] FAIL saas-02__ua-mobile-safari-ios__session-warm__v5 error=TimeoutError elapsed=33000ms (120/200)
[2026-04-20T22:11:07.838309+00:00] OK   marketing-01__ua-desktop-chrome-mac__session-fresh__v1 fp_size=154 elapsed=7657ms (121/200)
[2026-04-20T22:11:14.090867+00:00] OK   marketing-01__ua-desktop-chrome-mac__session-fresh__v2 fp_size=154 elapsed=6245ms (122/200)
[2026-04-20T22:11:20.643520+00:00] OK   marketing-01__ua-desktop-chrome-mac__session-fresh__v3 fp_size=154 elapsed=6544ms (123/200)
[2026-04-20T22:11:27.202134+00:00] OK   marketing-01__ua-desktop-chrome-mac__session-fresh__v4 fp_size=154 elapsed=6551ms (124/200)
[2026-04-20T22:11:33.733648+00:00] OK   marketing-01__ua-desktop-chrome-mac__session-fresh__v5 fp_size=154 elapsed=6524ms (125/200)
[2026-04-20T22:11:40.126407+00:00] OK   marketing-01__ua-desktop-chrome-mac__session-warm__v1 fp_size=154 elapsed=6385ms (126/200)
[2026-04-20T22:11:46.647412+00:00] OK   marketing-01__ua-desktop-chrome-mac__session-warm__v2 fp_size=154 elapsed=6513ms (127/200)
[2026-04-20T22:11:53.250923+00:00] OK   marketing-01__ua-desktop-chrome-mac__session-warm__v3 fp_size=154 elapsed=6596ms (128/200)
[2026-04-20T22:11:59.719549+00:00] OK   marketing-01__ua-desktop-chrome-mac__session-warm__v4 fp_size=154 elapsed=6462ms (129/200)
[2026-04-20T22:12:06.457751+00:00] OK   marketing-01__ua-desktop-chrome-mac__session-warm__v5 fp_size=154 elapsed=6726ms (130/200)
[2026-04-20T22:12:13.330847+00:00] OK   marketing-01__ua-mobile-safari-ios__session-fresh__v1 fp_size=154 elapsed=6865ms (131/200)
[2026-04-20T22:12:20.181782+00:00] OK   marketing-01__ua-mobile-safari-ios__session-fresh__v2 fp_size=154 elapsed=6845ms (132/200)
[2026-04-20T22:12:27.095106+00:00] OK   marketing-01__ua-mobile-safari-ios__session-fresh__v3 fp_size=154 elapsed=6906ms (133/200)
[2026-04-20T22:12:34.895398+00:00] OK   marketing-01__ua-mobile-safari-ios__session-fresh__v4 fp_size=154 elapsed=7793ms (134/200)
[2026-04-20T22:12:41.567833+00:00] OK   marketing-01__ua-mobile-safari-ios__session-fresh__v5 fp_size=154 elapsed=6663ms (135/200)
[2026-04-20T22:12:48.178886+00:00] OK   marketing-01__ua-mobile-safari-ios__session-warm__v1 fp_size=154 elapsed=6605ms (136/200)
[2026-04-20T22:12:54.817192+00:00] OK   marketing-01__ua-mobile-safari-ios__session-warm__v2 fp_size=154 elapsed=6632ms (137/200)
[2026-04-20T22:13:01.466152+00:00] OK   marketing-01__ua-mobile-safari-ios__session-warm__v3 fp_size=154 elapsed=6643ms (138/200)
[2026-04-20T22:13:08.007060+00:00] OK   marketing-01__ua-mobile-safari-ios__session-warm__v4 fp_size=154 elapsed=6533ms (139/200)
[2026-04-20T22:13:15.125408+00:00] OK   marketing-01__ua-mobile-safari-ios__session-warm__v5 fp_size=154 elapsed=7106ms (140/200)
[2026-04-20T22:13:20.254637+00:00] OK   marketing-02__ua-desktop-chrome-mac__session-fresh__v1 fp_size=102 elapsed=5123ms (141/200)
[2026-04-20T22:13:24.856151+00:00] OK   marketing-02__ua-desktop-chrome-mac__session-fresh__v2 fp_size=102 elapsed=4595ms (142/200)
[2026-04-20T22:13:29.408274+00:00] OK   marketing-02__ua-desktop-chrome-mac__session-fresh__v3 fp_size=102 elapsed=4545ms (143/200)
[2026-04-20T22:13:33.939613+00:00] OK   marketing-02__ua-desktop-chrome-mac__session-fresh__v4 fp_size=102 elapsed=4526ms (144/200)
[2026-04-20T22:13:38.607130+00:00] OK   marketing-02__ua-desktop-chrome-mac__session-fresh__v5 fp_size=102 elapsed=4661ms (145/200)
[2026-04-20T22:13:43.195069+00:00] OK   marketing-02__ua-desktop-chrome-mac__session-warm__v1 fp_size=102 elapsed=4576ms (146/200)
[2026-04-20T22:13:47.936160+00:00] OK   marketing-02__ua-desktop-chrome-mac__session-warm__v2 fp_size=102 elapsed=4732ms (147/200)
[2026-04-20T22:13:52.917269+00:00] OK   marketing-02__ua-desktop-chrome-mac__session-warm__v3 fp_size=102 elapsed=4977ms (148/200)
[2026-04-20T22:13:57.543325+00:00] OK   marketing-02__ua-desktop-chrome-mac__session-warm__v4 fp_size=102 elapsed=4617ms (149/200)
[2026-04-20T22:14:02.216905+00:00] OK   marketing-02__ua-desktop-chrome-mac__session-warm__v5 fp_size=102 elapsed=4668ms (150/200)
[2026-04-20T22:14:06.969483+00:00] OK   marketing-02__ua-mobile-safari-ios__session-fresh__v1 fp_size=102 elapsed=4745ms (151/200)
[2026-04-20T22:14:11.514498+00:00] OK   marketing-02__ua-mobile-safari-ios__session-fresh__v2 fp_size=102 elapsed=4539ms (152/200)
[2026-04-20T22:14:16.152042+00:00] OK   marketing-02__ua-mobile-safari-ios__session-fresh__v3 fp_size=102 elapsed=4632ms (153/200)
[2026-04-20T22:14:20.600789+00:00] OK   marketing-02__ua-mobile-safari-ios__session-fresh__v4 fp_size=102 elapsed=4444ms (154/200)
[2026-04-20T22:14:25.095095+00:00] OK   marketing-02__ua-mobile-safari-ios__session-fresh__v5 fp_size=102 elapsed=4487ms (155/200)
[2026-04-20T22:14:29.873166+00:00] OK   marketing-02__ua-mobile-safari-ios__session-warm__v1 fp_size=102 elapsed=4772ms (156/200)
[2026-04-20T22:14:34.380646+00:00] OK   marketing-02__ua-mobile-safari-ios__session-warm__v2 fp_size=102 elapsed=4500ms (157/200)
[2026-04-20T22:14:39.119347+00:00] OK   marketing-02__ua-mobile-safari-ios__session-warm__v3 fp_size=102 elapsed=4733ms (158/200)
[2026-04-20T22:14:43.621733+00:00] OK   marketing-02__ua-mobile-safari-ios__session-warm__v4 fp_size=102 elapsed=4497ms (159/200)
[2026-04-20T22:14:48.372445+00:00] OK   marketing-02__ua-mobile-safari-ios__session-warm__v5 fp_size=102 elapsed=4744ms (160/200)
[2026-04-20T22:14:52.069529+00:00] OK   forum-01__ua-desktop-chrome-mac__session-fresh__v1 fp_size=200 elapsed=3692ms (161/200)
[2026-04-20T22:14:55.748102+00:00] OK   forum-01__ua-desktop-chrome-mac__session-fresh__v2 fp_size=200 elapsed=3675ms (162/200)
[2026-04-20T22:14:59.607454+00:00] OK   forum-01__ua-desktop-chrome-mac__session-fresh__v3 fp_size=200 elapsed=3855ms (163/200)
[2026-04-20T22:15:03.179475+00:00] OK   forum-01__ua-desktop-chrome-mac__session-fresh__v4 fp_size=200 elapsed=3568ms (164/200)
[2026-04-20T22:15:06.827631+00:00] OK   forum-01__ua-desktop-chrome-mac__session-fresh__v5 fp_size=200 elapsed=3642ms (165/200)
[2026-04-20T22:15:10.497918+00:00] OK   forum-01__ua-desktop-chrome-mac__session-warm__v1 fp_size=200 elapsed=3666ms (166/200)
[2026-04-20T22:15:14.174682+00:00] OK   forum-01__ua-desktop-chrome-mac__session-warm__v2 fp_size=200 elapsed=3672ms (167/200)
[2026-04-20T22:15:17.823382+00:00] OK   forum-01__ua-desktop-chrome-mac__session-warm__v3 fp_size=200 elapsed=3644ms (168/200)
[2026-04-20T22:15:21.472134+00:00] OK   forum-01__ua-desktop-chrome-mac__session-warm__v4 fp_size=200 elapsed=3645ms (169/200)
[2026-04-20T22:15:25.051756+00:00] OK   forum-01__ua-desktop-chrome-mac__session-warm__v5 fp_size=200 elapsed=3575ms (170/200)
[2026-04-20T22:15:28.694570+00:00] OK   forum-01__ua-mobile-safari-ios__session-fresh__v1 fp_size=200 elapsed=3638ms (171/200)
[2026-04-20T22:15:32.520033+00:00] OK   forum-01__ua-mobile-safari-ios__session-fresh__v2 fp_size=200 elapsed=3820ms (172/200)
[2026-04-20T22:15:36.169291+00:00] OK   forum-01__ua-mobile-safari-ios__session-fresh__v3 fp_size=200 elapsed=3645ms (173/200)
[2026-04-20T22:15:39.833529+00:00] OK   forum-01__ua-mobile-safari-ios__session-fresh__v4 fp_size=200 elapsed=3660ms (174/200)
[2026-04-20T22:15:43.442192+00:00] OK   forum-01__ua-mobile-safari-ios__session-fresh__v5 fp_size=200 elapsed=3604ms (175/200)
[2026-04-20T22:15:47.165660+00:00] OK   forum-01__ua-mobile-safari-ios__session-warm__v1 fp_size=200 elapsed=3718ms (176/200)
[2026-04-20T22:15:50.841402+00:00] OK   forum-01__ua-mobile-safari-ios__session-warm__v2 fp_size=200 elapsed=3671ms (177/200)
[2026-04-20T22:15:54.439989+00:00] OK   forum-01__ua-mobile-safari-ios__session-warm__v3 fp_size=200 elapsed=3594ms (178/200)
[2026-04-20T22:15:58.126769+00:00] OK   forum-01__ua-mobile-safari-ios__session-warm__v4 fp_size=200 elapsed=3680ms (179/200)
[2026-04-20T22:16:01.800170+00:00] OK   forum-01__ua-mobile-safari-ios__session-warm__v5 fp_size=200 elapsed=3669ms (180/200)
[2026-04-20T22:16:06.230529+00:00] OK   misc-01__ua-desktop-chrome-mac__session-fresh__v1 fp_size=198 elapsed=4425ms (181/200)
[2026-04-20T22:16:10.596040+00:00] OK   misc-01__ua-desktop-chrome-mac__session-fresh__v2 fp_size=198 elapsed=4359ms (182/200)
[2026-04-20T22:16:15.250650+00:00] OK   misc-01__ua-desktop-chrome-mac__session-fresh__v3 fp_size=198 elapsed=4643ms (183/200)
[2026-04-20T22:16:19.945582+00:00] OK   misc-01__ua-desktop-chrome-mac__session-fresh__v4 fp_size=198 elapsed=4684ms (184/200)
[2026-04-20T22:16:24.399336+00:00] OK   misc-01__ua-desktop-chrome-mac__session-fresh__v5 fp_size=198 elapsed=4444ms (185/200)
[2026-04-20T22:16:28.853491+00:00] OK   misc-01__ua-desktop-chrome-mac__session-warm__v1 fp_size=198 elapsed=4449ms (186/200)
[2026-04-20T22:16:33.205461+00:00] OK   misc-01__ua-desktop-chrome-mac__session-warm__v2 fp_size=198 elapsed=4344ms (187/200)
[2026-04-20T22:16:37.557662+00:00] OK   misc-01__ua-desktop-chrome-mac__session-warm__v3 fp_size=198 elapsed=4347ms (188/200)
[2026-04-20T22:16:41.944167+00:00] OK   misc-01__ua-desktop-chrome-mac__session-warm__v4 fp_size=198 elapsed=4381ms (189/200)
[2026-04-20T22:16:46.233775+00:00] OK   misc-01__ua-desktop-chrome-mac__session-warm__v5 fp_size=198 elapsed=4285ms (190/200)
[2026-04-20T22:16:50.460263+00:00] OK   misc-01__ua-mobile-safari-ios__session-fresh__v1 fp_size=199 elapsed=4218ms (191/200)
[2026-04-20T22:16:54.693958+00:00] OK   misc-01__ua-mobile-safari-ios__session-fresh__v2 fp_size=199 elapsed=4226ms (192/200)
[2026-04-20T22:16:58.916375+00:00] OK   misc-01__ua-mobile-safari-ios__session-fresh__v3 fp_size=199 elapsed=4217ms (193/200)
[2026-04-20T22:17:03.173267+00:00] OK   misc-01__ua-mobile-safari-ios__session-fresh__v4 fp_size=199 elapsed=4251ms (194/200)
[2026-04-20T22:17:07.342265+00:00] OK   misc-01__ua-mobile-safari-ios__session-fresh__v5 fp_size=199 elapsed=4162ms (195/200)
[2026-04-20T22:17:11.521154+00:00] OK   misc-01__ua-mobile-safari-ios__session-warm__v1 fp_size=199 elapsed=4174ms (196/200)
[2026-04-20T22:17:15.717344+00:00] OK   misc-01__ua-mobile-safari-ios__session-warm__v2 fp_size=199 elapsed=4191ms (197/200)
[2026-04-20T22:17:19.862451+00:00] OK   misc-01__ua-mobile-safari-ios__session-warm__v3 fp_size=199 elapsed=4137ms (198/200)
[2026-04-20T22:17:24.077233+00:00] OK   misc-01__ua-mobile-safari-ios__session-warm__v4 fp_size=199 elapsed=4210ms (199/200)
[2026-04-20T22:17:28.342735+00:00] OK   misc-01__ua-mobile-safari-ios__session-warm__v5 fp_size=199 elapsed=4260ms (200/200)
[2026-04-20T22:17:28.469997+00:00] Stability run complete. ok=120 fail=80 total=200/200
