[2026-04-21T17:00:28.856075+00:00] L-07 discrimination run starting: 40 sites × 1 probe each = 40 probes
[2026-04-21T17:00:33.002446+00:00] OK   d01-ecom-01 fp_size=0 elapsed=3142ms (1/40)
[2026-04-21T17:00:37.885028+00:00] OK   d02-news-01 fp_size=198 elapsed=4878ms (2/40)
[2026-04-21T17:00:41.991215+00:00] OK   d03-saas-01 fp_size=7 elapsed=4101ms (3/40)
[2026-04-21T17:00:48.748292+00:00] OK   d04-mkt-01 fp_size=154 elapsed=6751ms (4/40)
[2026-04-21T17:00:52.509954+00:00] OK   d05-forum-01 fp_size=200 elapsed=3756ms (5/40)
[2026-04-21T17:00:56.604919+00:00] OK   d06-misc-01 fp_size=198 elapsed=4091ms (6/40)
[2026-04-21T17:01:00.578999+00:00] OK   d07-ecom-02 fp_size=40 elapsed=3969ms (7/40)
[2026-04-21T17:01:34.772484+00:00] FAIL d08-news-02 error=TimeoutError elapsed=34192ms (8/40)
[2026-04-21T17:01:39.299568+00:00] OK   d09-saas-02 fp_size=13 elapsed=4523ms (9/40)
[2026-04-21T17:01:44.035215+00:00] OK   d10-mkt-02 fp_size=102 elapsed=4729ms (10/40)
[2026-04-21T17:01:48.798378+00:00] OK   d11-forum-02 fp_size=200 elapsed=4758ms (11/40)
[2026-04-21T17:01:53.957264+00:00] OK   d12-misc-02 fp_size=198 elapsed=5153ms (12/40)
[2026-04-21T17:02:05.596012+00:00] OK   d13-ecom-03 fp_size=132 elapsed=11630ms (13/40)
[2026-04-21T17:02:38.895503+00:00] FAIL d14-news-03 error=TimeoutError elapsed=33297ms (14/40)
[2026-04-21T17:03:09.713653+00:00] FAIL d15-saas-03 error=TimeoutError elapsed=30816ms (15/40)
[2026-04-21T17:03:15.106801+00:00] OK   d16-mkt-03 fp_size=102 elapsed=5388ms (16/40)
[2026-04-21T17:03:22.909441+00:00] OK   d17-forum-03 fp_size=7 elapsed=7790ms (17/40)
[2026-04-21T17:03:26.665521+00:00] OK   d18-misc-03 fp_size=2 elapsed=3752ms (18/40)
[2026-04-21T17:03:35.040547+00:00] OK   d19-ecom-04 fp_size=4 elapsed=8350ms (19/40)
[2026-04-21T17:03:38.463352+00:00] OK   d20-news-04 fp_size=1 elapsed=3417ms (20/40)
[2026-04-21T17:03:44.007232+00:00] OK   d21-saas-04 fp_size=7 elapsed=5539ms (21/40)
[2026-04-21T17:03:51.453155+00:00] OK   d22-mkt-04 fp_size=189 elapsed=7441ms (22/40)
[2026-04-21T17:04:22.411404+00:00] FAIL d23-forum-04 error=TimeoutError elapsed=30957ms (23/40)
[2026-04-21T17:04:25.704315+00:00] OK   d24-misc-04 fp_size=74 elapsed=3289ms (24/40)
[2026-04-21T17:04:25.951211+00:00] FAIL d25-ecom-05 error=Error elapsed=246ms (25/40)
[2026-04-21T17:04:56.102271+00:00] FAIL d26-news-05 error=TimeoutError elapsed=30148ms (26/40)
[2026-04-21T17:05:27.185938+00:00] FAIL d27-saas-05 error=TimeoutError elapsed=31081ms (27/40)
[2026-04-21T17:05:33.442617+00:00] OK   d28-mkt-05 fp_size=100 elapsed=6248ms (28/40)
[2026-04-21T17:05:37.764419+00:00] OK   d29-forum-05 fp_size=200 elapsed=4317ms (29/40)
[2026-04-21T17:05:41.187792+00:00] OK   d30-misc-05 fp_size=169 elapsed=3419ms (30/40)
[2026-04-21T17:05:46.949216+00:00] OK   d31-ecom-06 fp_size=4 elapsed=5756ms (31/40)
[2026-04-21T17:06:18.331344+00:00] FAIL d32-news-06 error=TimeoutError elapsed=31380ms (32/40)
[2026-04-21T17:06:22.419800+00:00] OK   d33-saas-06 fp_size=14 elapsed=4084ms (33/40)
[2026-04-21T17:06:26.774185+00:00] OK   d34-mkt-06 fp_size=72 elapsed=4349ms (34/40)
[2026-04-21T17:06:58.215382+00:00] FAIL d35-forum-06 error=TimeoutError elapsed=31439ms (35/40)
[2026-04-21T17:07:03.970484+00:00] OK   d36-misc-06 fp_size=198 elapsed=5750ms (36/40)
[2026-04-21T17:07:37.069651+00:00] FAIL d37-ecom-07 error=TimeoutError elapsed=33097ms (37/40)
[2026-04-21T17:07:42.569284+00:00] OK   d38-news-07 fp_size=188 elapsed=5494ms (38/40)
[2026-04-21T17:08:13.668178+00:00] FAIL d39-saas-07 error=TimeoutError elapsed=31097ms (39/40)
[2026-04-21T17:08:30.055755+00:00] OK   d40-mkt-07 fp_size=6 elapsed=16377ms (40/40)
[2026-04-21T17:08:30.129135+00:00] Discrimination run complete. ok=29 fail=11 total=40/40
