[2026-04-21T18:35:14.764284+00:00] L-09 completeness run starting: 29 sites (L-07 survivors), K=10
[2026-04-21T18:35:18.796509+00:00] OK   d01-ecom-01 all_cand=0 selected=0 N=0 M=0 summary={} elapsed=3128ms (1/29)
[2026-04-21T18:36:41.879796+00:00] OK   d02-news-01 all_cand=11 selected=10 N=198 M=171 summary={'no_change': 1, 'error': 8, 'state_change': 1} elapsed=83076ms (2/29)
[2026-04-21T18:36:45.809489+00:00] OK   d03-saas-01 all_cand=0 selected=0 N=7 M=0 summary={} elapsed=3928ms (3/29)
[2026-04-21T18:38:20.592781+00:00] OK   d04-mkt-01 all_cand=22 selected=10 N=154 M=48 summary={'state_change': 10} elapsed=94780ms (4/29)
[2026-04-21T18:38:24.268581+00:00] OK   d05-forum-01 all_cand=0 selected=0 N=200 M=0 summary={} elapsed=3674ms (5/29)
[2026-04-21T18:39:48.066485+00:00] OK   d06-misc-01 all_cand=13 selected=10 N=198 M=0 summary={'no_change': 1, 'error': 9} elapsed=83795ms (6/29)
[2026-04-21T18:40:43.703108+00:00] OK   d07-ecom-02 all_cand=7 selected=7 N=40 M=0 summary={'no_change': 5, 'navigation': 2} elapsed=55632ms (7/29)
[2026-04-21T18:41:20.621924+00:00] OK   d09-saas-02 all_cand=5 selected=5 N=13 M=6 summary={'state_change': 3, 'navigation': 2} elapsed=36916ms (8/29)
[2026-04-21T18:41:31.865668+00:00] OK   d10-mkt-02 all_cand=1 selected=1 N=102 M=0 summary={'state_change': 1} elapsed=11242ms (9/29)
[2026-04-21T18:42:09.573277+00:00] OK   d11-forum-02 all_cand=5 selected=5 N=200 M=0 summary={'navigation': 5} elapsed=37704ms (10/29)
[2026-04-21T18:43:36.061059+00:00] OK   d12-misc-02 all_cand=13 selected=10 N=198 M=0 summary={'no_change': 1, 'error': 9} elapsed=86484ms (11/29)
[2026-04-21T18:46:10.928283+00:00] OK   d13-ecom-03 all_cand=13 selected=10 N=132 M=0 summary={'no_change': 3, 'navigation': 5, 'error': 2} elapsed=154860ms (12/29)
[2026-04-21T18:47:49.335008+00:00] OK   d16-mkt-03 all_cand=11 selected=10 N=102 M=2 summary={'navigation': 2, 'state_change': 1, 'error': 7} elapsed=98399ms (13/29)
[2026-04-21T18:47:55.701200+00:00] OK   d17-forum-03 all_cand=0 selected=0 N=7 M=0 summary={} elapsed=6364ms (14/29)
[2026-04-21T18:47:59.715959+00:00] OK   d18-misc-03 all_cand=0 selected=0 N=2 M=0 summary={} elapsed=4013ms (15/29)
[2026-04-21T18:48:08.631089+00:00] OK   d19-ecom-04 all_cand=0 selected=0 N=4 M=0 summary={} elapsed=8913ms (16/29)
[2026-04-21T18:48:12.076043+00:00] OK   d20-news-04 all_cand=0 selected=0 N=1 M=0 summary={} elapsed=3443ms (17/29)
[2026-04-21T18:48:17.469986+00:00] OK   d21-saas-04 all_cand=0 selected=0 N=7 M=0 summary={} elapsed=5393ms (18/29)
[2026-04-21T18:50:01.320101+00:00] OK   d22-mkt-04 all_cand=10 selected=10 N=189 M=0 summary={'no_change': 5, 'navigation': 5} elapsed=103847ms (19/29)
[2026-04-21T18:51:22.766775+00:00] OK   d24-misc-04 all_cand=13 selected=10 N=74 M=0 summary={'error': 10} elapsed=81443ms (20/29)
[2026-04-21T18:53:07.036265+00:00] OK   d28-mkt-05 all_cand=27 selected=10 N=100 M=0 summary={'error': 10} elapsed=104261ms (21/29)
[2026-04-21T18:53:17.457797+00:00] OK   d29-forum-05 all_cand=1 selected=1 N=200 M=0 summary={'no_change': 1} elapsed=10419ms (22/29)
[2026-04-21T18:53:20.855623+00:00] OK   d30-misc-05 all_cand=0 selected=0 N=169 M=0 summary={} elapsed=3397ms (23/29)
[2026-04-21T18:53:35.081171+00:00] OK   d31-ecom-06 all_cand=1 selected=1 N=4 M=0 summary={'no_change': 1} elapsed=14224ms (24/29)
[2026-04-21T18:54:37.181621+00:00] OK   d33-saas-06 all_cand=9 selected=9 N=14 M=3 summary={'navigation': 4, 'no_change': 3, 'state_change': 2} elapsed=62097ms (25/29)
[2026-04-21T18:55:45.512131+00:00] OK   d34-mkt-06 all_cand=11 selected=10 N=72 M=0 summary={'no_change': 5, 'navigation': 5} elapsed=68327ms (26/29)
[2026-04-21T18:57:24.885641+00:00] OK   d36-misc-06 all_cand=17 selected=10 N=198 M=0 summary={'no_change': 1, 'error': 9} elapsed=99366ms (27/29)
[2026-04-21T18:59:03.149576+00:00] OK   d38-news-07 all_cand=11 selected=10 N=188 M=0 summary={'state_change': 1, 'error': 9} elapsed=98256ms (28/29)
[2026-04-21T18:59:11.213324+00:00] OK   d40-mkt-07 all_cand=0 selected=0 N=6 M=0 summary={} elapsed=8061ms (29/29)
[2026-04-21T18:59:11.280524+00:00] Completeness run complete. ok=29 fail=0 total=29/29
